// Jest Snapshot v1, https://goo.gl/fbAQLP

exports[`CustomizeButtonWithLogo component renders correctly with default props 1`] = `undefined`;
