// Jest Snapshot v1, https://goo.gl/fbAQLP

exports[`BasicDetails Component should render BasicDetails component correctly 1`] = `undefined`;
